=== direct tasks-axi GitLab --pr rejection ===
error: "Task pr link must be a canonical pull request URL: https://github.com/<owner>/<repo>/pull/<n> (GitHub) or https://<host>/<owner>/<repo>/pulls/<n> (Forgejo)"
code: VALIDATION_ERROR
exit=2
=== Firstmate session-start replay ===
BOOTSTRAP_INFO: closed the backlog item for live-gitlab-replay that an interrupted cleanup left open
BACKLOG_RECONCILE: live-malformed-replay: recorded backlog close could not be replayed: error: "Task pr link must be a canonical pull request URL: https://github.com/<owner>/<repo>/pull/<n> (GitHub) or https://<host>/<owner>/<repo>/pulls/<n> (Forgejo)"
PRESENTATION_UNAVAILABLE: lavish-axi (requires >=0.1.77; install: npm install -g lavish-axi && lavish-axi setup hooks) - nonvisual work may proceed with plain-text decisions and reports; install or upgrade before using Lavish
MISSING: quota-axi (install: npm install -g quota-axi)
=== valid row after replay ===
task:
  id: live-gitlab-replay
  title: Valid GitLab replay
  state: done
  blocked: no
  blocked_by: none
  held: no
  hold_reason: "-"
  hold_kind: "-"
  hold_until: "-"
  kind: ship
  repo: "-"
  priority: "-"
  created: "-"
  closed: 2026-09-23
  deps: none
  links: none
  body: "GitLab merge request: https://gitlab.com/example/repo/-/merge_requests/227"
=== invalid row after replay ===
task:
  id: live-malformed-replay
  title: Malformed URL replay
  state: in_flight
  blocked: no
  blocked_by: none
  held: no
  hold_reason: "-"
  hold_kind: "-"
  hold_until: "-"
  kind: ship
  repo: "-"
  priority: "-"
  created: 2026-09-23
  closed: "-"
  deps: none
  links: none
  body: ""
=== remaining pending-close receipts ===
home/state/live-malformed-replay.backlog-close
